// Jest Snapshot v1, https://goo.gl/fbAQLP

exports[`CreateQuestion component should render correct 1`] = `null`;
