// Jest Snapshot v1, https://goo.gl/fbAQLP

exports[`Forbidden component should render correct 1`] = `
<MemoryRouter
  initialEntries={
    Array [
      Object {
        "key": "testKey",
      },
    ]
  }
>
  <Router
    history={
      Object {
        "action": "POP",
        "block": [Function],
        "canGo": [Function],
        "createHref": [Function],
        "entries": Array [
          Object {
            "hash": "",
            "key": "testKey",
            "pathname": "/",
            "search": "",
          },
        ],
        "go": [Function],
        "goBack": [Function],
        "goForward": [Function],
        "index": 0,
        "length": 1,
        "listen": [Function],
        "location": Object {
          "hash": "",
          "key": "testKey",
          "pathname": "/",
          "search": "",
        },
        "push": [Function],
        "replace": [Function],
      }
    }
  >
    <withRouter(Forbidden)>
      <Route>
        <Forbidden
          history={
            Object {
              "action": "POP",
              "block": [Function],
              "canGo": [Function],
              "createHref": [Function],
              "entries": Array [
                Object {
                  "hash": "",
                  "key": "testKey",
                  "pathname": "/",
                  "search": "",
                },
              ],
              "go": [Function],
              "goBack": [Function],
              "goForward": [Function],
              "index": 0,
              "length": 1,
              "listen": [Function],
              "location": Object {
                "hash": "",
                "key": "testKey",
                "pathname": "/",
                "search": "",
              },
              "push": [Function],
              "replace": [Function],
            }
          }
          location={
            Object {
              "hash": "",
              "key": "testKey",
              "pathname": "/",
              "search": "",
            }
          }
          match={
            Object {
              "isExact": true,
              "params": Object {},
              "path": "/",
              "url": "/",
            }
          }
        >
          <div>
            <h1>
              403 Нет доступа
            </h1>
            <h3>
              Залогиньтесь для продолжения
            </h3>
          </div>
        </Forbidden>
      </Route>
    </withRouter(Forbidden)>
  </Router>
</MemoryRouter>
`;
