// Jest Snapshot v1, https://goo.gl/fbAQLP

exports[`Menu component should render correct 1`] = `
<MemoryRouter
  initialEntries={
    Array [
      Object {
        "key": "testKey",
      },
    ]
  }
>
  <Router
    history={
      Object {
        "action": "POP",
        "block": [Function],
        "canGo": [Function],
        "createHref": [Function],
        "entries": Array [
          Object {
            "hash": "",
            "key": "testKey",
            "pathname": "/",
            "search": "",
          },
        ],
        "go": [Function],
        "goBack": [Function],
        "goForward": [Function],
        "index": 0,
        "length": 1,
        "listen": [Function],
        "location": Object {
          "hash": "",
          "key": "testKey",
          "pathname": "/",
          "search": "",
        },
        "push": [Function],
        "replace": [Function],
      }
    }
  >
    <User
      handleChange={[MockFunction]}
      handleSubmit={[MockFunction]}
    >
      <div>
        <div
          className="paranja"
        />
        <div
          className="userLoginArea"
        >
          <form
            className="userLogin"
            onSubmit={[MockFunction]}
          >
            <div>
              <span>
                <label>
                  Ваше имя:  
                  <input
                    id="user"
                    onChange={[MockFunction]}
                    required={true}
                    type="text"
                  />
                </label>
              </span>
              <span>
                <input
                  type="submit"
                  value="Начать тест"
                />
              </span>
            </div>
          </form>
        </div>
      </div>
    </User>
  </Router>
</MemoryRouter>
`;
